// Jest Snapshot v1, https://goo.gl/fbAQLP

exports[`ForecastSummary renders the correctly 1`] = `
<DocumentFragment>
  <div
    class="forecast-sumamry"
    data-testid="forecast-summary"
  >
    <div
      class="forecast-summary__date"
    >
      Mon 30th Apr
    </div>
    <div
      class="forecast-summary__icon"
    >
      <i
        class="wi wi-day-sunny"
        data-testid="forecast-icon"
        name="owm"
      />
    </div>
    <div
      class="forecast-summary__temperature"
    >
      22Â°C
    </div>
    <div
      class="forecast-summary__description"
    >
      Dummy desc
    </div>
  </div>
</DocumentFragment>
`;
